// Jest Snapshot v1, https://goo.gl/fbAQLP

exports[`header.js renders component 1`] = `
<header
  className="sc-bdVaJa hkQuXJ"
>
  <span
    className="sc-bwzfXH cJuWJO"
  >
    My Website
  </span>
</header>
`;
